[2026-08-12 16:48:32] Session start: index=0, exponents_tested=0, mersenne_primes_found=0, budget=270s
[2026-08-12 16:48:39] Fetched 10995905 prime exponents from https://raw.githubusercontent.com/dipali1249/Prime/refs/heads/main/primes.txt
[2026-08-12 16:48:39]   ★ Mersenne PRIME: n=5  M has 2 digits  (trial_division=passed, LL=confirmed)
[2026-08-12 16:48:39]   ★ Mersenne PRIME: n=7  M has 3 digits  (trial_division=passed, LL=confirmed)
[2026-08-12 16:48:39]   ★ Mersenne PRIME: n=13  M has 4 digits  (trial_division=passed, LL=confirmed)
[2026-08-12 16:48:39]   ★ Mersenne PRIME: n=17  M has 6 digits  (trial_division=passed, LL=confirmed)
[2026-08-12 16:48:39]   ★ Mersenne PRIME: n=19  M has 6 digits  (trial_division=passed, LL=confirmed)
[2026-08-12 16:48:39]   ★ Mersenne PRIME: n=31  M has 10 digits  (trial_division=passed, LL=confirmed)
[2026-08-12 16:48:39]   ★ Mersenne PRIME: n=61  M has 19 digits  (trial_division=passed, LL=confirmed)
[2026-08-12 16:48:39]   ★ Mersenne PRIME: n=89  M has 27 digits  (trial_division=passed, LL=confirmed)
[2026-08-12 16:48:39]   ★ Mersenne PRIME: n=107  M has 33 digits  (trial_division=passed, LL=confirmed)
[2026-08-12 16:48:39]   ★ Mersenne PRIME: n=127  M has 39 digits  (trial_division=passed, LL=confirmed)
[2026-08-12 16:48:40]   ★ Mersenne PRIME: n=521  M has 157 digits  (trial_division=passed, LL=confirmed)
[2026-08-12 16:48:40]   n=557  M composite  (trial_division=factor_found, LL=rejected)
[2026-08-12 16:48:40]   ★ Mersenne PRIME: n=607  M has 183 digits  (trial_division=passed, LL=confirmed)
[2026-08-12 16:48:40]   n=1231  M composite  (trial_division=no_small_factor, LL=rejected)
[2026-08-12 16:48:40]   ★ Mersenne PRIME: n=1279  M has 386 digits  (trial_division=passed, LL=confirmed)
[2026-08-12 16:48:41]   n=1997  M composite  (trial_division=no_small_factor, LL=rejected)
[2026-08-12 16:48:41]   ★ Mersenne PRIME: n=2203  M has 664 digits  (trial_division=passed, LL=confirmed)
[2026-08-12 16:48:42]   ★ Mersenne PRIME: n=2281  M has 687 digits  (trial_division=passed, LL=confirmed)
[2026-08-12 16:48:44]   n=2753  M composite  (trial_division=no_small_factor, LL=rejected)
[2026-08-12 16:48:47]   ★ Mersenne PRIME: n=3217  M has 969 digits  (trial_division=passed, LL=confirmed)
[2026-08-12 16:48:52]   n=3583  M composite  (trial_division=no_small_factor, LL=rejected)
[2026-08-12 16:49:03]   ★ Mersenne PRIME: n=4253  M has 1281 digits  (trial_division=passed, LL=confirmed)
[2026-08-12 16:49:06]   ★ Mersenne PRIME: n=4423  M has 1332 digits  (trial_division=passed, LL=confirmed)
[2026-08-12 16:49:30]   n=5297  M composite  (trial_division=no_small_factor, LL=rejected)
[2026-08-12 16:50:09]   n=6151  M composite  (trial_division=no_small_factor, LL=rejected)
[2026-08-12 16:51:08]   n=7013  M composite  (trial_division=no_small_factor, LL=rejected)
[2026-08-12 16:52:34]   n=7933  M composite  (trial_division=no_small_factor, LL=rejected)
[2026-08-12 16:53:10] Session end: index=1034/10995905, exponents_tested=1034, mersenne_primes_found=18, elapsed=270.6s
[2026-08-12 18:55:09] Session start: index=1034, exponents_tested=1034, mersenne_primes_found=18, budget=270s
[2026-08-12 18:55:15] Fetched 10995905 prime exponents from https://raw.githubusercontent.com/dipali1249/Prime/refs/heads/main/primes.txt
[2026-08-12 18:56:36]   n=8839  M composite  (trial_division=no_small_factor, LL=rejected)
[2026-08-12 18:59:00]   ★ Mersenne PRIME: n=9689  M has 2917 digits  (trial_division=passed, LL=confirmed)
[2026-08-12 18:59:11]   n=9743  M composite  (trial_division=no_small_factor, LL=rejected)
[2026-08-12 18:59:47] Session end: index=1220/10995905, exponents_tested=1220, mersenne_primes_found=19, elapsed=271.5s
[2026-08-12 20:37:35] Session start: index=1220, exponents_tested=1220, mersenne_primes_found=19, budget=270s
[2026-08-12 20:37:40] Fetched 10995905 prime exponents from https://raw.githubusercontent.com/dipali1249/Prime/refs/heads/main/primes.txt
[2026-08-12 20:37:48]   ★ Mersenne PRIME: n=9941  M has 2993 digits  (trial_division=passed, LL=confirmed)
[2026-08-12 20:40:27]   n=10667  M composite  (trial_division=no_small_factor, LL=rejected)
[2026-08-12 20:42:12] Session end: index=1343/10995905, exponents_tested=1343, mersenne_primes_found=20, elapsed=271.9s
[2026-08-12 22:35:05] Session start: index=1343, exponents_tested=1343, mersenne_primes_found=20, budget=270s
[2026-08-12 22:35:10] Fetched 10995905 prime exponents from https://raw.githubusercontent.com/dipali1249/Prime/refs/heads/main/primes.txt
[2026-08-12 22:35:45]   ★ Mersenne PRIME: n=11213  M has 3376 digits  (trial_division=passed, LL=confirmed)
[2026-08-12 22:38:06]   n=11681  M composite  (trial_division=no_small_factor, LL=rejected)
[2026-08-12 22:39:42] Session end: index=1428/10995905, exponents_tested=1428, mersenne_primes_found=21, elapsed=272.3s
[2026-08-13 01:26:49] Session start: index=1428, exponents_tested=1428, mersenne_primes_found=21, budget=270s
[2026-08-13 01:26:55] Fetched 10995905 prime exponents from https://raw.githubusercontent.com/dipali1249/Prime/refs/heads/main/primes.txt
[2026-08-13 01:31:05]   n=12577  M composite  (trial_division=no_small_factor, LL=rejected)
[2026-08-13 01:31:28] Session end: index=1506/10995905, exponents_tested=1506, mersenne_primes_found=21, elapsed=272.4s
[2026-08-13 04:05:56] Session start: index=1506, exponents_tested=1506, mersenne_primes_found=21, budget=270s
[2026-08-13 04:06:01] Fetched 10995905 prime exponents from https://raw.githubusercontent.com/dipali1249/Prime/refs/heads/main/primes.txt
[2026-08-13 04:10:34] Session end: index=1589/10995905, exponents_tested=1589, mersenne_primes_found=21, elapsed=272.5s
[2026-08-13 07:18:42] Session start: index=1589, exponents_tested=1589, mersenne_primes_found=21, budget=270s
[2026-08-13 07:18:47] Fetched 10995905 prime exponents from https://raw.githubusercontent.com/dipali1249/Prime/refs/heads/main/primes.txt
[2026-08-13 07:19:40]   n=13523  M composite  (trial_division=no_small_factor, LL=rejected)
[2026-08-13 07:23:19] Session end: index=1643/10995905, exponents_tested=1643, mersenne_primes_found=21, elapsed=272.3s
[2026-08-13 09:07:07] Session start: index=1643, exponents_tested=1643, mersenne_primes_found=21, budget=270s
[2026-08-13 09:07:12] Fetched 10995905 prime exponents from https://raw.githubusercontent.com/dipali1249/Prime/refs/heads/main/primes.txt
[2026-08-13 09:11:43] Session end: index=1694/10995905, exponents_tested=1694, mersenne_primes_found=21, elapsed=271.2s
[2026-08-13 10:57:27] Session start: index=1694, exponents_tested=1694, mersenne_primes_found=21, budget=270s
[2026-08-13 10:57:33] Fetched 10995905 prime exponents from https://raw.githubusercontent.com/dipali1249/Prime/refs/heads/main/primes.txt
[2026-08-13 10:58:11]   n=14537  M composite  (trial_division=factor_found, LL=rejected)
[2026-08-13 11:02:07] Session end: index=1736/10995905, exponents_tested=1736, mersenne_primes_found=21, elapsed=274.1s
